arm_math.h:4795:29:arm_pid_f32	32	static
main.c:123:6:SaveParameters	8	static
main.c:132:6:HAL_UART_RxCpltCallback	16	static
main.c:137:6:NEXTION_SendString	72	static
main.c:145:6:NEXTION_SendFloat	88	static
main.c:152:6:NEXTION_SenduInt	72	static
main.c:159:6:NEXTION_CMD	16	static
main.c:164:6:UpdatePage	8	static
main.c:173:6:NextionDrawDot	72	static
main.c:181:6:NextionDrawTemp	72	static
main.c:191:11:HandleKeyPad	24	static
main.c:222:6:Update_Page_3	24	static
main.c:237:6:Update_Page_0	48	static
main.c:265:6:Update_Page_2	24	static
main.c:278:6:HandleGui	152	static
main.c:545:6:HAL_TIM_PeriodElapsedCallback	48	static
main.c:611:6:setReflowParameters	4	static
main.c:624:6:calculateReflowCurve	48	static
main.c:682:6:Draw_Reflow_Curve	40	static
main.c:703:6:startReflow	8	static
main.c:711:6:stopReflow	8	static
main.c:725:5:main	8	static
main.c:836:6:SystemClock_Config	72	static
main.c:875:13:MX_SPI1_Init	8	static
main.c:913:13:MX_TIM1_Init	80	static
main.c:978:13:MX_TIM4_Init	32	static
main.c:1023:13:MX_USART1_UART_Init	8	static
main.c:1056:13:MX_GPIO_Init	32	static
main.c:1088:6:Error_Handler	4	static,ignoring_inline_asm
